------------------------------------------------------------
Timing Analyzer Summary
------------------------------------------------------------

Type  : Slow 1200mV 85C Model Setup 'disp_clk|altpll_component|auto_generated|pll1|clk[0]'
Slack : 27.803
TNS   : 0.000

Type  : Slow 1200mV 85C Model Hold 'disp_clk|altpll_component|auto_generated|pll1|clk[0]'
Slack : 0.340
TNS   : 0.000

Type  : Slow 1200mV 85C Model Minimum Pulse Width 'clk50MHz'
Slack : 9.895
TNS   : 0.000

Type  : Slow 1200mV 85C Model Minimum Pulse Width 'disp_clk|altpll_component|auto_generated|pll1|clk[0]'
Slack : 19.530
TNS   : 0.000

Type  : Slow 1200mV 0C Model Setup 'disp_clk|altpll_component|auto_generated|pll1|clk[0]'
Slack : 28.693
TNS   : 0.000

Type  : Slow 1200mV 0C Model Hold 'disp_clk|altpll_component|auto_generated|pll1|clk[0]'
Slack : 0.305
TNS   : 0.000

Type  : Slow 1200mV 0C Model Minimum Pulse Width 'clk50MHz'
Slack : 9.905
TNS   : 0.000

Type  : Slow 1200mV 0C Model Minimum Pulse Width 'disp_clk|altpll_component|auto_generated|pll1|clk[0]'
Slack : 19.549
TNS   : 0.000

Type  : Fast 1200mV 0C Model Setup 'disp_clk|altpll_component|auto_generated|pll1|clk[0]'
Slack : 34.438
TNS   : 0.000

Type  : Fast 1200mV 0C Model Hold 'disp_clk|altpll_component|auto_generated|pll1|clk[0]'
Slack : 0.148
TNS   : 0.000

Type  : Fast 1200mV 0C Model Minimum Pulse Width 'clk50MHz'
Slack : 9.668
TNS   : 0.000

Type  : Fast 1200mV 0C Model Minimum Pulse Width 'disp_clk|altpll_component|auto_generated|pll1|clk[0]'
Slack : 19.575
TNS   : 0.000

------------------------------------------------------------
